15:43:59 **** Incremental Build of configuration Debug for project peripheralClockEnable_test ****
make -j16 all 
arm-none-eabi-size  peripheralClockEnable_test.elf 
   text	   data	    bss	    dec	    hex	filename
    676	      0	   1568	   2244	    8c4	peripheralClockEnable_test.elf
Finished building: default.size.stdout
 
15:46:18 **** Incremental Build of configuration Debug for project peripheralClockEnable_test ****
make -j16 all 
arm-none-eabi-size  peripheralClockEnable_test.elf 
   text	   data	    bss	    dec	    hex	filename
    676	      0	   1568	   2244	    8c4	peripheralClockEnable_test.elf
Finished building: default.size.stdout
 
16:11:20 **** Incremental Build of configuration Debug for project peripheralClockEnable_test ****
make -j16 all 
arm-none-eabi-size  peripheralClockEnable_test.elf 
   text	   data	    bss	    dec	    hex	filename
    676	      0	   1568	   2244	    8c4	peripheralClockEnable_test.elf
Finished building: default.size.stdout
 
