11:55:54 **** Incremental Build of configuration Debug for project STM32F407G-DISC1_driver ****
make -j16 all 
arm-none-eabi-gcc "../Src/2_LED_button.c" -mcpu=cortex-m4 -std=gnu11 -g3 -DDEBUG -DSTM32 -DSTM32F407G_DISC1 -DSTM32F4 -DSTM32F407VGTx -c -I../Inc -I"C:/Users/jesti/OneDrive/Desktop/Embedded_System_Course/STM32F407G-DISC1_driver/driver/inc" -O0 -ffunction-sections -fdata-sections -Wall -fstack-usage -fcyclomatic-complexity -MMD -MP -MF"Src/2_LED_button.d" -MT"Src/2_LED_button.o" --specs=nano.specs -mfpu=fpv4-sp-d16 -mfloat-abi=hard -mthumb -o "Src/2_LED_button.o"
arm-none-eabi-gcc -o "STM32F407G-DISC1_driver.elf" @"objects.list"   -mcpu=cortex-m4 -T"C:\Users\jesti\OneDrive\Desktop\Embedded_System_Course\STM32F407G-DISC1_driver\STM32F407VGTX_FLASH.ld" --specs=nosys.specs -Wl,-Map="STM32F407G-DISC1_driver.map" -Wl,--gc-sections -static --specs=nano.specs -mfpu=fpv4-sp-d16 -mfloat-abi=hard -mthumb -Wl,--start-group -lc -lm -Wl,--end-group
Finished building target: STM32F407G-DISC1_driver.elf
 
arm-none-eabi-size  STM32F407G-DISC1_driver.elf 
arm-none-eabi-objdump -h -S STM32F407G-DISC1_driver.elf  > "STM32F407G-DISC1_driver.list"
   text	   data	    bss	    dec	    hex	filename
   1804	      0	   1568	   3372	    d2c	STM32F407G-DISC1_driver.elf
Finished building: default.size.stdout
 
Finished building: STM32F407G-DISC1_driver.list
 
11:56:02 **** Incremental Build of configuration Debug for project STM32F407G-DISC1_driver ****
make -j16 all 
arm-none-eabi-size  STM32F407G-DISC1_driver.elf 
   text	   data	    bss	    dec	    hex	filename
   1804	      0	   1568	   3372	    d2c	STM32F407G-DISC1_driver.elf
Finished building: default.size.stdout
 
